#
#
#
#
#
#    Don't try viewing this report without a plog-converter utility!!!
#
#    plog-converter -a GA:1,2 -t tasklist -o report.tasks /path/to/this/file.log
#
#    A link to the documentation: https://pvs-studio.com/en/docs/manual/0036/
#
#
#
#
#
d99cf3ba-6fcd-43f9-9260-1179fa3a9bed
dR'8_uR%RrSSiRER U2=u$2UaPR% U2=uER2uvu2R%SERPu==UjuR%R,8ch=uc auucvua=-8>c8 c\r.w.oh_-8Ec=8ha'uc'8_uc -2u=cUaucau~h-au_co8c=oUaoc]-oLcUc=ku'-U2c'8PPu>o}RERk8=-o-8>=R%!dR -2uR%R(L8Pu(a8PU>=U2ua>8(,\<w.?wJ(`ua>u2(6uP8af6U>Ujua}'RER2->u=R%!x"B"B
dR'8_uR%RrSSiRER U2=u$2UaPR% U2=uER2uvu2R%SERPu==UjuR%R,8ch=uc auucvua=-8>c8 c\r.w.oh_-8Ec=8ha'uc'8_uc -2u=cUaucau~h-au_co8c=oUaoc]-oLcUc=ku'-U2c'8PPu>o}RERk8=-o-8>=R%!dR -2uR%R(L8Pu(a8PU>=U2ua>8(,\<w.?wJ(`ua>u2(9h__f6uP8af6U>Ujua}'RER2->u=R%!x"B"B
dR'8_uR%RrSSiRER U2=u$2UaPR% U2=uER2uvu2R%SERPu==UjuR%R,8ch=uc auucvua=-8>c8 c\r.w.oh_-8Ec=8ha'uc'8_uc -2u=cUaucau~h-au_co8c=oUaoc]-oLcUc=ku'-U2c'8PPu>o}RERk8=-o-8>=R%!dR -2uR%R(L8Pu(a8PU>=U2ua>8(,\<w.?wJ(`ua>u2('8>=82u}'RER2->u=R%!x"B"B
dR'8_uR%RrSSiRER U2=u$2UaPR% U2=uER2uvu2R%SERPu==UjuR%R,8ch=uc auucvua=-8>c8 c\r.w.oh_-8Ec=8ha'uc'8_uc -2u=cUaucau~h-au_co8c=oUaoc]-oLcUc=ku'-U2c'8PPu>o}RERk8=-o-8>=R%!dR -2uR%R(L8Pu(a8PU>=U2ua>8(,\<w.?wJ(`ua>u2('ha=8a}'RER2->u=R%!x"B"B
dR'8_uR%RrSSiRER U2=u$2UaPR% U2=uER2uvu2R%SERPu==UjuR%R,8ch=uc auucvua=-8>c8 c\r.w.oh_-8Ec=8ha'uc'8_uc -2u=cUaucau~h-au_co8c=oUaoc]-oLcUc=ku'-U2c'8PPu>o}RERk8=-o-8>=R%!dR -2uR%R(L8Pu(a8PU>=U2ua>8(,\<w.?wJ(`ua>u2(_a-vua=(suf98Ua_}'RER2->u=R%!x"B"B
dR'8_uR%RrSSiRER U2=u$2UaPR% U2=uER2uvu2R%SERPu==UjuR%R,8ch=uc auucvua=-8>c8 c\r.w.oh_-8Ec=8ha'uc'8_uc -2u=cUaucau~h-au_co8c=oUaoc]-oLcUc=ku'-U2c'8PPu>o}RERk8=-o-8>=R%!dR -2uR%R(L8Pu(a8PU>=U2ua>8(,\<w.?wJ(`ua>u2(_a-vua=(=8h>_}'RER2->u=R%!x"B"B
dR'8_uR%RrSSiRER U2=u$2UaPR% U2=uER2uvu2R%SERPu==UjuR%R,8ch=uc auucvua=-8>c8 c\r.w.oh_-8Ec=8ha'uc'8_uc -2u=cUaucau~h-au_co8c=oUaoc]-oLcUc=ku'-U2c'8PPu>o}RERk8=-o-8>=R%!dR -2uR%R(L8Pu(a8PU>=U2ua>8(,\<w.?wJ(`ua>u2(_a-vua=(o-Pu}'RER2->u=R%!x"B"B
dR'8_uR%RrSSiRER U2=u$2UaPR% U2=uER2uvu2R%SERPu==UjuR%R,8ch=uc auucvua=-8>c8 c\r.w.oh_-8Ec=8ha'uc'8_uc -2u=cUaucau~h-au_co8c=oUaoc]-oLcUc=ku'-U2c'8PPu>o}RERk8=-o-8>=R%!dR -2uR%R(L8Pu(a8PU>=U2ua>8(,\<w.?wJ(`ua>u2(_a-vua=(v-_u8}'RER2->u=R%!x"B"B
dR'8_uR%RrSSiRER U2=u$2UaPR% U2=uER2uvu2R%SERPu==UjuR%R,8ch=uc auucvua=-8>c8 c\r.w.oh_-8Ec=8ha'uc'8_uc -2u=cUaucau~h-au_co8c=oUaoc]-oLcUc=ku'-U2c'8PPu>o}RERk8=-o-8>=R%!dR -2uR%R(L8Pu(a8PU>=U2ua>8(,\<w.?wJ(`ua>u2( 8>o=}'RER2->u=R%!x"B"B
dR'8_uR%RrSSiRER U2=u$2UaPR% U2=uER2uvu2R%SERPu==UjuR%R,8ch=uc auucvua=-8>c8 c\r.w.oh_-8Ec=8ha'uc'8_uc -2u=cUaucau~h-au_co8c=oUaoc]-oLcUc=ku'-U2c'8PPu>o}RERk8=-o-8>=R%!dR -2uR%R(L8Pu(a8PU>=U2ua>8(,\<w.?wJ(`ua>u2(-_o(u/'uko-8>F-=kUo'Lua}'RER2->u=R%!x"B"B
dR'8_uR%RrSSiRER U2=u$2UaPR% U2=uER2uvu2R%SERPu==UjuR%R,8ch=uc auucvua=-8>c8 c\r.w.oh_-8Ec=8ha'uc'8_uc -2u=cUaucau~h-au_co8c=oUaoc]-oLcUc=ku'-U2c'8PPu>o}RERk8=-o-8>=R%!dR -2uR%R(L8Pu(a8PU>=U2ua>8(,\<w.?wJ(`ua>u2(-_o(-_o@8U_ua}'RER2->u=R%!x"B"B
dR'8_uR%RrSSiRER U2=u$2UaPR% U2=uER2uvu2R%SERPu==UjuR%R,8ch=uc auucvua=-8>c8 c\r.w.oh_-8Ec=8ha'uc'8_uc -2u=cUaucau~h-au_co8c=oUaoc]-oLcUc=ku'-U2c'8PPu>o}RERk8=-o-8>=R%!dR -2uR%R(L8Pu(a8PU>=U2ua>8(,\<w.?wJ(`ua>u2(-_o(-a~F-=kUo'Lua}'RER2->u=R%!x"B"B
dR'8_uR%RrSSiRER U2=u$2UaPR% U2=uER2uvu2R%SERPu==UjuR%R,8ch=uc auucvua=-8>c8 c\r.w.oh_-8Ec=8ha'uc'8_uc -2u=cUaucau~h-au_co8c=oUaoc]-oLcUc=ku'-U2c'8PPu>o}RERk8=-o-8>=R%!dR -2uR%R(L8Pu(a8PU>=U2ua>8(,\<w.?wJ(`ua>u2(-_o(=f='U22F-=kUo'Lua}'RER2->u=R%!x"B"B
dR'8_uR%RrSSiRER U2=u$2UaPR% U2=uER2uvu2R%SERPu==UjuR%R,8ch=uc auucvua=-8>c8 c\r.w.oh_-8Ec=8ha'uc'8_uc -2u=cUaucau~h-au_co8c=oUaoc]-oLcUc=ku'-U2c'8PPu>o}RERk8=-o-8>=R%!dR -2uR%R(L8Pu(a8PU>=U2ua>8(,\<w.?wJ(`ua>u2(-k'}'RER2->u=R%!x"B"B
dR'8_uR%RrSSiRER U2=u$2UaPR% U2=uER2uvu2R%SERPu==UjuR%R,8ch=uc auucvua=-8>c8 c\r.w.oh_-8Ec=8ha'uc'8_uc -2u=cUaucau~h-au_co8c=oUaoc]-oLcUc=ku'-U2c'8PPu>o}RERk8=-o-8>=R%!dR -2uR%R(L8Pu(a8PU>=U2ua>8(,\<w.?wJ(`ua>u2(sua>u2}'RER2->u=R%!x"B"B
dR'8_uR%RrSSiRER U2=u$2UaPR% U2=uER2uvu2R%SERPu==UjuR%R,8ch=uc auucvua=-8>c8 c\r.w.oh_-8Ec=8ha'uc'8_uc -2u=cUaucau~h-au_co8c=oUaoc]-oLcUc=ku'-U2c'8PPu>o}RERk8=-o-8>=R%!dR -2uR%R(L8Pu(a8PU>=U2ua>8(,\<w.?wJ(`ua>u2(2-9}'RER2->u=R%!x"B"B
dR'8_uR%RrSSiRER U2=u$2UaPR% U2=uER2uvu2R%SERPu==UjuR%R,8ch=uc auucvua=-8>c8 c\r.w.oh_-8Ec=8ha'uc'8_uc -2u=cUaucau~h-au_co8c=oUaoc]-oLcUc=ku'-U2c'8PPu>o}RERk8=-o-8>=R%!dR -2uR%R(L8Pu(a8PU>=U2ua>8(,\<w.?wJ(`ua>u2(P8_h2u@8U_ua}'RER2->u=R%!x"B"B
dR'8_uR%RrSSiRER U2=u$2UaPR% U2=uER2uvu2R%SERPu==UjuR%R,8ch=uc auucvua=-8>c8 c\r.w.oh_-8Ec=8ha'uc'8_uc -2u=cUaucau~h-au_co8c=oUaoc]-oLcUc=ku'-U2c'8PPu>o}RERk8=-o-8>=R%!dR -2uR%R(L8Pu(a8PU>=U2ua>8(,\<w.?wJ(`ua>u2(k-ku}'RER2->u=R%!x"B"B
dR'8_uR%RrSSiRER U2=u$2UaPR% U2=uER2uvu2R%SERPu==UjuR%R,8ch=uc auucvua=-8>c8 c\r.w.oh_-8Ec=8ha'uc'8_uc -2u=cUaucau~h-au_co8c=oUaoc]-oLcUc=ku'-U2c'8PPu>o}RERk8=-o-8>=R%!dR -2uR%R(L8Pu(a8PU>=U2ua>8(,\<w.?wJ(`ua>u2(ka8'u==}'RER2->u=R%!x"B"B
dR'8_uR%RrSSiRER U2=u$2UaPR% U2=uER2uvu2R%SERPu==UjuR%R,8ch=uc auucvua=-8>c8 c\r.w.oh_-8Ec=8ha'uc'8_uc -2u=cUaucau~h-au_co8c=oUaoc]-oLcUc=ku'-U2c'8PPu>o}RERk8=-o-8>=R%!dR -2uR%R(L8Pu(a8PU>=U2ua>8(,\<w.?wJ(`ua>u2(='Lu_h2ua}'RER2->u=R%!x"B"B
dR'8_uR%RrSSiRER U2=u$2UaPR% U2=uER2uvu2R%SERPu==UjuR%R,8ch=uc auucvua=-8>c8 c\r.w.oh_-8Ec=8ha'uc'8_uc -2u=cUaucau~h-au_co8c=oUaoc]-oLcUc=ku'-U2c'8PPu>o}RERk8=-o-8>=R%!dR -2uR%R(L8Pu(a8PU>=U2ua>8(,\<w.?wJ(`ua>u2(=uPUkL8au}'RER2->u=R%!x"B"B
dR'8_uR%RrSSiRER U2=u$2UaPR% U2=uER2uvu2R%SERPu==UjuR%R,8ch=uc auucvua=-8>c8 c\r.w.oh_-8Ec=8ha'uc'8_uc -2u=cUaucau~h-au_co8c=oUaoc]-oLcUc=ku'-U2c'8PPu>o}RERk8=-o-8>=R%!dR -2uR%R(L8Pu(a8PU>=U2ua>8(,\<w.?wJ(g=ua2U>_(.Lu22(K28U_ua}'RER2->u=R%!x"B"B
dR'8_uR%RrSSiRER U2=u$2UaPR% U2=uER2uvu2R%SERPu==UjuR%R,8ch=uc auucvua=-8>c8 c\r.w.oh_-8Ec=8ha'uc'8_uc -2u=cUaucau~h-au_co8c=oUaoc]-oLcUc=ku'-U2c'8PPu>o}RERk8=-o-8>=R%!dR -2uR%R(L8Pu(a8PU>=U2ua>8(,\<w.?wJ(g=ua2U>_(.Lu22('Uo}'RER2->u=R%!x"B"B
dR'8_uR%RrSSiRER U2=u$2UaPR% U2=uER2uvu2R%SERPu==UjuR%R,8ch=uc auucvua=-8>c8 c\r.w.oh_-8Ec=8ha'uc'8_uc -2u=cUaucau~h-au_co8c=oUaoc]-oLcUc=ku'-U2c'8PPu>o}RERk8=-o-8>=R%!dR -2uR%R(L8Pu(a8PU>=U2ua>8(,\<w.?wJ(g=ua2U>_(.Lu22(u'L8}'RER2->u=R%!x"B"B
dR'8_uR%RrSSiRER U2=u$2UaPR% U2=uER2uvu2R%SERPu==UjuR%R,8ch=uc auucvua=-8>c8 c\r.w.oh_-8Ec=8ha'uc'8_uc -2u=cUaucau~h-au_co8c=oUaoc]-oLcUc=ku'-U2c'8PPu>o}RERk8=-o-8>=R%!dR -2uR%R(L8Pu(a8PU>=U2ua>8(,\<w.?wJ(g=ua2U>_(.Lu22( -2oua}'RER2->u=R%!x"B"B
dR'8_uR%RrSSiRER U2=u$2UaPR% U2=uER2uvu2R%SERPu==UjuR%R,8ch=uc auucvua=-8>c8 c\r.w.oh_-8Ec=8ha'uc'8_uc -2u=cUaucau~h-au_co8c=oUaoc]-oLcUc=ku'-U2c'8PPu>o}RERk8=-o-8>=R%!dR -2uR%R(L8Pu(a8PU>=U2ua>8(,\<w.?wJ(g=ua2U>_(.Lu22(=Lu22}'RER2->u=R%!x"B"B
dR'8_uR%RrSSiRER U2=u$2UaPR% U2=uER2uvu2R%SERPu==UjuR%R,8ch=uc auucvua=-8>c8 c\r.w.oh_-8Ec=8ha'uc'8_uc -2u=cUaucau~h-au_co8c=oUaoc]-oLcUc=ku'-U2c'8PPu>o}RERk8=-o-8>=R%!dR -2uR%R(L8Pu(a8PU>=U2ua>8(,\<w.?wJ(g=ua2U>_(.Lu22(]'}'RER2->u=R%!x"B"B
dR'8_uR%RrSSiRER U2=u$2UaPR% U2=uER2uvu2R%SERPu==UjuR%R,8ch=uc auucvua=-8>c8 c\r.w.oh_-8Ec=8ha'uc'8_uc -2u=cUaucau~h-au_co8c=oUaoc]-oLcUc=ku'-U2c'8PPu>o}RERk8=-o-8>=R%!dR -2uR%R(L8Pu(a8PU>=U2ua>8(,\<w.?wJ(g=ua2U>_(2-9'(=o_-8}'RER2->u=R%!x"B"B
dR'8_uR%RrSSiRER U2=u$2UaPR% U2=uER2uvu2R%SERPu==UjuR%R,8ch=uc auucvua=-8>c8 c\r.w.oh_-8Ec=8ha'uc'8_uc -2u=cUaucau~h-au_co8c=oUaoc]-oLcUc=ku'-U2c'8PPu>o}RERk8=-o-8>=R%!dR -2uR%R(L8Pu(a8PU>=U2ua>8(,\<w.?wJ(g=ua2U>_(2-9'(=o_2-9}'RER2->u=R%!x"B"B
dR'8_uR%RrSSiRER U2=u$2UaPR% U2=uER2uvu2R%SERPu==UjuR%R,8ch=uc auucvua=-8>c8 c\r.w.oh_-8Ec=8ha'uc'8_uc -2u=cUaucau~h-au_co8c=oUaoc]-oLcUc=ku'-U2c'8PPu>o}RERk8=-o-8>=R%!dR -2uR%R(L8Pu(a8PU>=U2ua>8(,\<w.?wJ(g=ua2U>_(2-9'(=oa->j}'RER2->u=R%!x"B"B
dR'8_uR%RrSSiRER U2=u$2UaPR% U2=uER2uvu2R%SERPu==UjuR%R,8ch=uc auucvua=-8>c8 c\r.w.oh_-8Ec=8ha'uc'8_uc -2u=cUaucau~h-au_co8c=oUaoc]-oLcUc=ku'-U2c'8PPu>o}RERk8=-o-8>=R%!dR -2uR%R(L8Pu(a8PU>=U2ua>8(,\<w.?wJ(g=ua2U>_(2-9=f=(U>=-{828a=}'RER2->u=R%!x"B"B
dR'8_uR%RrSSiRER U2=u$2UaPR% U2=uER2uvu2R%SERPu==UjuR%R,8ch=uc auucvua=-8>c8 c\r.w.oh_-8Ec=8ha'uc'8_uc -2u=cUaucau~h-au_co8c=oUaoc]-oLcUc=ku'-U2c'8PPu>o}RERk8=-o-8>=R%!dR -2uR%R(L8Pu(a8PU>=U2ua>8(,\<w.?wJ(g=ua2U>_(2-9=f=(2-9=f=}'RER2->u=R%!x"B"B
dR'8_uR%RrSSiRER U2=u$2UaPR% U2=uER2uvu2R%SERPu==UjuR%R,8ch=uc auucvua=-8>c8 c\r.w.oh_-8Ec=8ha'uc'8_uc -2u=cUaucau~h-au_co8c=oUaoc]-oLcUc=ku'-U2c'8PPu>o}RERk8=-o-8>=R%!dR -2uR%R(L8Pu(a8PU>=U2ua>8(,\<w.?wJ(g=ua2U>_(ou=o(ou=oKka-8}'RER2->u=R%!x"B"B
dR'8_uR%RrSSiRER U2=u$2UaPR% U2=uER2uvu2R%SERPu==UjuR%R,8ch=uc auucvua=-8>c8 c\r.w.oh_-8Ec=8ha'uc'8_uc -2u=cUaucau~h-au_co8c=oUaoc]-oLcUc=ku'-U2c'8PPu>o}RERk8=-o-8>=R%!dR -2uR%R(L8Pu(a8PU>=U2ua>8(,\<w.?wJ(g=ua2U>_(ou=o(ou=oKka8'u==}'RER2->u=R%!x"B"B
dR'8_uR%RrSSiRER U2=u$2UaPR% U2=uER2uvu2R%SERPu==UjuR%R,8ch=uc auucvua=-8>c8 c\r.w.oh_-8Ec=8ha'uc'8_uc -2u=cUaucau~h-au_co8c=oUaoc]-oLcUc=ku'-U2c'8PPu>o}RERk8=-o-8>=R%!dR -2uR%R(L8Pu(a8PU>=U2ua>8(,\<w.?wJ(g=ua2U>_(ou=o(ou=oK=f>'}'RER2->u=R%!x"B"B
dR'8_uR%RrSSiRER U2=u$2UaPR% U2=uER2uvu2R%SERPu==UjuR%R,8ch=uc auucvua=-8>c8 c\r.w.oh_-8Ec=8ha'uc'8_uc -2u=cUaucau~h-au_co8c=oUaoc]-oLcUc=ku'-U2c'8PPu>o}RERk8=-o-8>=R%!dR -2uR%R(L8Pu(a8PU>=U2ua>8(,\<w.?wJ(g=ua2U>_(ou=o(ou=oKho-2}'RER2->u=R%!x"B"B
